

================================================================
== Vivado HLS Report for 'pulse_cir_avg'
================================================================
* Date:           Wed Oct 31 16:15:52 2018

* Version:        2015.4 (Build 1412921 on Wed Nov 18 09:58:55 AM 2015)
* Project:        pulse_cir_avg
* Solution:       solution1
* Product family: kintex7
* Target device:  xc7k325tffg900-2


================================================================
== Performance Estimates
================================================================
+ Timing (ns): 
    * Summary: 
    +--------+-------+----------+------------+
    |  Clock | Target| Estimated| Uncertainty|
    +--------+-------+----------+------------+
    |ap_clk  |   5.00|      4.27|        0.62|
    +--------+-------+----------+------------+

+ Latency (clock cycles): 
    * Summary: 
    +-----+-----+-----+-----+----------+
    |  Latency  |  Interval | Pipeline |
    | min | max | min | max |   Type   |
    +-----+-----+-----+-----+----------+
    |   73|   73|    1|    1| function |
    +-----+-----+-----+-----+----------+

    + Detail: 
        * Instance: 
        N/A

        * Loop: 
        N/A



================================================================
== Utilization Estimates
================================================================
* Summary: 
+-----------------+---------+-------+--------+--------+
|       Name      | BRAM_18K| DSP48E|   FF   |   LUT  |
+-----------------+---------+-------+--------+--------+
|DSP              |        -|      -|       -|       -|
|Expression       |        -|      -|       0|     416|
|FIFO             |       36|      -|     271|     806|
|Instance         |        -|      -|    6732|    6732|
|Memory           |        -|      -|       -|       -|
|Multiplexer      |        -|      -|       -|     243|
|Register         |        -|      -|     622|     453|
+-----------------+---------+-------+--------+--------+
|Total            |       36|      0|    7625|    8650|
+-----------------+---------+-------+--------+--------+
|Available        |      890|    840|  407600|  203800|
+-----------------+---------+-------+--------+--------+
|Utilization (%)  |        4|      0|       1|       4|
+-----------------+---------+-------+--------+--------+

+ Detail: 
    * Instance: 
    +---------------------------------------+------------------------------------+---------+-------+------+------+
    |                Instance               |               Module               | BRAM_18K| DSP48E|  FF  |  LUT |
    +---------------------------------------+------------------------------------+---------+-------+------+------+
    |pulse_cir_avg_udiv_65ns_32ns_65_69_U1  |pulse_cir_avg_udiv_65ns_32ns_65_69  |        0|      0|  6732|  6732|
    +---------------------------------------+------------------------------------+---------+-------+------+------+
    |Total                                  |                                    |        0|      0|  6732|  6732|
    +---------------------------------------+------------------------------------+---------+-------+------+------+

    * DSP48: 
    N/A

    * Memory: 
    N/A

    * FIFO: 
    +------------------------------------+---------+-----+-----+------+-----+---------+
    |                Name                | BRAM_18K|  FF | LUT | Depth| Bits| Size:D*B|
    +------------------------------------+---------+-----+-----+------+-----+---------+
    |data_fifo_V_V_data_fifo_V_V_fifo_U  |       32|  173|  669|  8192|   64|   524288|
    |out_fifo_V_V_out_fifo_V_V_fifo_U    |        4|   98|  137|  1024|   64|    65536|
    +------------------------------------+---------+-----+-----+------+-----+---------+
    |Total                               |       36|  271|  806|  9216|  128|   589824|
    +------------------------------------+---------+-----+-----+------+-----+---------+

    * Expression: 
    +----------------------------+----------+-------+---+----+------------+------------+
    |        Variable Name       | Operation| DSP48E| FF| LUT| Bitwidth P0| Bitwidth P1|
    +----------------------------+----------+-------+---+----+------------+------------+
    |grp_fu_337_p2               |     +    |      0|  0|  10|          10|           1|
    |r_V_1_fu_426_p2             |     +    |      0|  0|  17|          17|           2|
    |r_V_2_fu_480_p2             |     +    |      0|  0|  17|          17|           2|
    |r_V_3_fu_594_p2             |     +    |      0|  0|  65|          65|          65|
    |r_V_5_fu_394_p2             |     +    |      0|  0|  17|          17|           2|
    |r_V_6_fu_661_p2             |     +    |      0|  0|  17|           2|          17|
    |r_V_fu_374_p2               |     +    |      0|  0|  33|          33|           2|
    |tmp_16_fu_707_p2            |     +    |      0|  0|   9|           1|           9|
    |tmp_17_fu_677_p2            |     +    |      0|  0|  10|           1|          10|
    |tmp_4_fu_442_p2             |     +    |      0|  0|   8|           8|           1|
    |tmp_V_3_fu_633_p2           |     +    |      0|  0|  64|          64|          64|
    |tmp_data_V_fu_621_p2        |     +    |      0|  0|  32|          32|          32|
    |storemerge2_fu_506_p3       |  Select  |      0|  0|   3|           1|           1|
    |storemerge4_fu_683_p3       |  Select  |      0|  0|  10|           1|           1|
    |storemerge_fu_719_p3        |  Select  |      0|  0|   9|           1|           1|
    |ap_sig_bdd_1301             |    and   |      0|  0|   1|           1|           1|
    |ap_sig_bdd_1309             |    and   |      0|  0|   1|           1|           1|
    |ap_sig_bdd_1369             |    and   |      0|  0|   1|           1|           1|
    |ap_sig_bdd_1415             |    and   |      0|  0|   1|           1|           1|
    |ap_sig_bdd_2449             |    and   |      0|  0|   1|           1|           1|
    |ap_sig_bdd_2451             |    and   |      0|  0|   1|           1|           1|
    |ap_sig_bdd_2454             |    and   |      0|  0|   1|           1|           1|
    |ap_sig_bdd_2456             |    and   |      0|  0|   1|           1|           1|
    |ap_sig_bdd_2460             |    and   |      0|  0|   1|           1|           1|
    |ap_sig_bdd_2461             |    and   |      0|  0|   1|           1|           1|
    |ap_sig_bdd_2463             |    and   |      0|  0|   1|           1|           1|
    |ap_sig_bdd_2465             |    and   |      0|  0|   1|           1|           1|
    |ap_sig_bdd_2468             |    and   |      0|  0|   1|           1|           1|
    |ap_sig_bdd_2470             |    and   |      0|  0|   1|           1|           1|
    |ap_sig_bdd_2472             |    and   |      0|  0|   1|           1|           1|
    |ap_sig_bdd_287              |    and   |      0|  0|   1|           1|           1|
    |ap_sig_bdd_73               |    and   |      0|  0|   1|           1|           1|
    |tmp_18_nbreadreq_fu_140_p4  |    and   |      0|  0|   2|           1|           0|
    |icmp5_fu_470_p2             |   icmp   |      0|  0|  11|          31|           1|
    |icmp_fu_555_p2              |   icmp   |      0|  0|  11|          31|           1|
    |tmp_12_fu_404_p2            |   icmp   |      0|  0|   6|          17|          17|
    |tmp_14_fu_701_p2            |   icmp   |      0|  0|   3|           9|           9|
    |tmp_15_fu_671_p2            |   icmp   |      0|  0|   6|          17|          17|
    |tmp_3_fu_490_p2             |   icmp   |      0|  0|   6|          17|          17|
    |tmp_6_fu_384_p2             |   icmp   |      0|  0|  11|          33|          33|
    |tmp_7_fu_436_p2             |   icmp   |      0|  0|   6|          17|          17|
    |tmp_8_fu_581_p2             |   icmp   |      0|  0|  11|          32|           1|
    |ap_sig_bdd_277              |    or    |      0|  0|   1|           1|           1|
    |ap_sig_bdd_93               |    or    |      0|  0|   1|           1|           1|
    |tmp_last_V_fu_713_p2        |    or    |      0|  0|   1|           1|           1|
    |not_tmp_2_fu_496_p2         |    xor   |      0|  0|   2|           1|           2|
    +----------------------------+----------+-------+---+----+------------+------------+
    |Total                       |          |      0|  0| 416|         496|         345|
    +----------------------------+----------+-------+---+----+------------+------------+

    * Multiplexer: 
    +---------------------------------------------------+----+-----------+-----+-----------+
    |                        Name                       | LUT| Input Size| Bits| Total Bits|
    +---------------------------------------------------+----+-----------+-----+-----------+
    |ap_reg_phiprechg_p_4_reg_328pp0_it71               |  32|          2|   32|         64|
    |ap_reg_phiprechg_seq_len_reg_V_loc_reg_302pp0_it1  |  16|          3|   16|         48|
    |ap_sig_ioackin_o_data_TREADY                       |   1|          2|    1|          2|
    |blk_cnt_V                                          |   8|          3|    8|         24|
    |currentState                                       |   2|          4|    2|          8|
    |data_fifo_V_V_din                                  |  64|          4|   64|        256|
    |out_fifo_V_V_din                                   |  64|          4|   64|        256|
    |p_4_phi_fu_331_p4                                  |  32|          2|   32|         64|
    |storemerge3_phi_fu_215_p4                          |   2|          3|    2|          6|
    |storemerge5_phi_fu_294_p4                          |   1|          3|    1|          3|
    |wr_cnt_V_flag_7_phi_fu_225_p20                     |   1|          3|    1|          3|
    |wr_cnt_V_new_1_phi_fu_205_p4                       |  10|          3|   10|         30|
    |wr_cnt_V_new_7_phi_fu_261_p20                      |  10|          5|   10|         50|
    +---------------------------------------------------+----+-----------+-----+-----------+
    |Total                                              | 243|         41|  243|        814|
    +---------------------------------------------------+----+-----------+-----+-----------+

    * Register: 
    +---------------------------------------------------+----+-----+-----+-----------+
    |                        Name                       | FF | LUT | Bits| Const Bits|
    +---------------------------------------------------+----+-----+-----+-----------+
    |ap_CS_fsm                                          |   1|    0|    1|          0|
    |ap_reg_ioackin_o_data_TREADY                       |   1|    0|    1|          0|
    |ap_reg_phiprechg_p_4_reg_328pp0_it71               |  32|    0|   32|          0|
    |ap_reg_phiprechg_seq_len_reg_V_loc_reg_302pp0_it1  |  16|    0|   16|          0|
    |ap_reg_ppiten_pp0_it1                              |   1|    0|    1|          0|
    |ap_reg_ppiten_pp0_it10                             |   1|    0|    1|          0|
    |ap_reg_ppiten_pp0_it11                             |   1|    0|    1|          0|
    |ap_reg_ppiten_pp0_it12                             |   1|    0|    1|          0|
    |ap_reg_ppiten_pp0_it13                             |   1|    0|    1|          0|
    |ap_reg_ppiten_pp0_it14                             |   1|    0|    1|          0|
    |ap_reg_ppiten_pp0_it15                             |   1|    0|    1|          0|
    |ap_reg_ppiten_pp0_it16                             |   1|    0|    1|          0|
    |ap_reg_ppiten_pp0_it17                             |   1|    0|    1|          0|
    |ap_reg_ppiten_pp0_it18                             |   1|    0|    1|          0|
    |ap_reg_ppiten_pp0_it19                             |   1|    0|    1|          0|
    |ap_reg_ppiten_pp0_it2                              |   1|    0|    1|          0|
    |ap_reg_ppiten_pp0_it20                             |   1|    0|    1|          0|
    |ap_reg_ppiten_pp0_it21                             |   1|    0|    1|          0|
    |ap_reg_ppiten_pp0_it22                             |   1|    0|    1|          0|
    |ap_reg_ppiten_pp0_it23                             |   1|    0|    1|          0|
    |ap_reg_ppiten_pp0_it24                             |   1|    0|    1|          0|
    |ap_reg_ppiten_pp0_it25                             |   1|    0|    1|          0|
    |ap_reg_ppiten_pp0_it26                             |   1|    0|    1|          0|
    |ap_reg_ppiten_pp0_it27                             |   1|    0|    1|          0|
    |ap_reg_ppiten_pp0_it28                             |   1|    0|    1|          0|
    |ap_reg_ppiten_pp0_it29                             |   1|    0|    1|          0|
    |ap_reg_ppiten_pp0_it3                              |   1|    0|    1|          0|
    |ap_reg_ppiten_pp0_it30                             |   1|    0|    1|          0|
    |ap_reg_ppiten_pp0_it31                             |   1|    0|    1|          0|
    |ap_reg_ppiten_pp0_it32                             |   1|    0|    1|          0|
    |ap_reg_ppiten_pp0_it33                             |   1|    0|    1|          0|
    |ap_reg_ppiten_pp0_it34                             |   1|    0|    1|          0|
    |ap_reg_ppiten_pp0_it35                             |   1|    0|    1|          0|
    |ap_reg_ppiten_pp0_it36                             |   1|    0|    1|          0|
    |ap_reg_ppiten_pp0_it37                             |   1|    0|    1|          0|
    |ap_reg_ppiten_pp0_it38                             |   1|    0|    1|          0|
    |ap_reg_ppiten_pp0_it39                             |   1|    0|    1|          0|
    |ap_reg_ppiten_pp0_it4                              |   1|    0|    1|          0|
    |ap_reg_ppiten_pp0_it40                             |   1|    0|    1|          0|
    |ap_reg_ppiten_pp0_it41                             |   1|    0|    1|          0|
    |ap_reg_ppiten_pp0_it42                             |   1|    0|    1|          0|
    |ap_reg_ppiten_pp0_it43                             |   1|    0|    1|          0|
    |ap_reg_ppiten_pp0_it44                             |   1|    0|    1|          0|
    |ap_reg_ppiten_pp0_it45                             |   1|    0|    1|          0|
    |ap_reg_ppiten_pp0_it46                             |   1|    0|    1|          0|
    |ap_reg_ppiten_pp0_it47                             |   1|    0|    1|          0|
    |ap_reg_ppiten_pp0_it48                             |   1|    0|    1|          0|
    |ap_reg_ppiten_pp0_it49                             |   1|    0|    1|          0|
    |ap_reg_ppiten_pp0_it5                              |   1|    0|    1|          0|
    |ap_reg_ppiten_pp0_it50                             |   1|    0|    1|          0|
    |ap_reg_ppiten_pp0_it51                             |   1|    0|    1|          0|
    |ap_reg_ppiten_pp0_it52                             |   1|    0|    1|          0|
    |ap_reg_ppiten_pp0_it53                             |   1|    0|    1|          0|
    |ap_reg_ppiten_pp0_it54                             |   1|    0|    1|          0|
    |ap_reg_ppiten_pp0_it55                             |   1|    0|    1|          0|
    |ap_reg_ppiten_pp0_it56                             |   1|    0|    1|          0|
    |ap_reg_ppiten_pp0_it57                             |   1|    0|    1|          0|
    |ap_reg_ppiten_pp0_it58                             |   1|    0|    1|          0|
    |ap_reg_ppiten_pp0_it59                             |   1|    0|    1|          0|
    |ap_reg_ppiten_pp0_it6                              |   1|    0|    1|          0|
    |ap_reg_ppiten_pp0_it60                             |   1|    0|    1|          0|
    |ap_reg_ppiten_pp0_it61                             |   1|    0|    1|          0|
    |ap_reg_ppiten_pp0_it62                             |   1|    0|    1|          0|
    |ap_reg_ppiten_pp0_it63                             |   1|    0|    1|          0|
    |ap_reg_ppiten_pp0_it64                             |   1|    0|    1|          0|
    |ap_reg_ppiten_pp0_it65                             |   1|    0|    1|          0|
    |ap_reg_ppiten_pp0_it66                             |   1|    0|    1|          0|
    |ap_reg_ppiten_pp0_it67                             |   1|    0|    1|          0|
    |ap_reg_ppiten_pp0_it68                             |   1|    0|    1|          0|
    |ap_reg_ppiten_pp0_it69                             |   1|    0|    1|          0|
    |ap_reg_ppiten_pp0_it7                              |   1|    0|    1|          0|
    |ap_reg_ppiten_pp0_it70                             |   1|    0|    1|          0|
    |ap_reg_ppiten_pp0_it71                             |   1|    0|    1|          0|
    |ap_reg_ppiten_pp0_it72                             |   1|    0|    1|          0|
    |ap_reg_ppiten_pp0_it73                             |   1|    0|    1|          0|
    |ap_reg_ppiten_pp0_it8                              |   1|    0|    1|          0|
    |ap_reg_ppiten_pp0_it9                              |   1|    0|    1|          0|
    |ap_reg_ppstg_avg_size_reg_V_load_reg_755_pp0_it1   |  32|    0|   32|          0|
    |avg_size_reg_V                                     |  32|    0|   32|          0|
    |avg_size_reg_V_load_reg_755                        |  32|    0|   32|          0|
    |blk_cnt_V                                          |   8|    0|    8|          0|
    |currentState                                       |   2|    0|    2|          0|
    |currentState_load_reg_739                          |   2|    0|    2|          0|
    |data_in_reg_V                                      |  32|    0|   32|          0|
    |data_in_reg_V_load_reg_795                         |  32|    0|   32|          0|
    |data_in_valid_V                                    |   1|    0|    1|          0|
    |data_in_valid_V_load_reg_761                       |   1|    0|    1|          0|
    |icmp5_reg_775                                      |   1|    0|    1|          0|
    |icmp_reg_782                                       |   1|    0|    1|          0|
    |out_sample_cnt_V                                   |   9|    0|    9|          0|
    |r_V_3_reg_807                                      |  65|    0|   65|          0|
    |rd_cnt_V                                           |  10|    0|   10|          0|
    |seq_len_reg_V                                      |  16|    0|   16|          0|
    |seq_len_reg_V_loc_reg_302                          |  16|    0|   16|          0|
    |tmp_15_reg_846                                     |   1|    0|    1|          0|
    |tmp_18_reg_786                                     |   1|    0|    1|          0|
    |tmp_6_reg_765                                      |   1|    0|    1|          0|
    |tmp_8_reg_803                                      |   1|    0|    1|          0|
    |tmp_9_reg_812                                      |  32|    0|   32|          0|
    |tmp_V_2_reg_817                                    |  64|    0|   64|          0|
    |tmp_data_V_1_9_reg_790                             |  32|    0|   32|          0|
    |tmp_data_V_1_reg_827                               |  32|    0|   32|          0|
    |tmp_data_V_7_reg_841                               |  32|    0|   32|          0|
    |tmp_reg_837                                        |   1|    0|    1|          0|
    |wr_cnt_V                                           |  10|    0|   10|          0|
    |currentState_load_reg_739                          |   0|    6|    2|          0|
    |data_in_reg_V_load_reg_795                         |   0|   96|   32|          0|
    |data_in_valid_V_load_reg_761                       |   0|    3|    1|          0|
    |icmp5_reg_775                                      |   0|    3|    1|          0|
    |icmp_reg_782                                       |   0|    3|    1|          0|
    |seq_len_reg_V_loc_reg_302                          |   0|   48|   16|          0|
    |tmp_6_reg_765                                      |   0|    3|    1|          0|
    |tmp_8_reg_803                                      |   0|    3|    1|          0|
    |tmp_9_reg_812                                      |   0|   96|   32|          0|
    |tmp_V_2_reg_817                                    |   0|  192|   64|          0|
    +---------------------------------------------------+----+-----+-----+-----------+
    |Total                                              | 622|  453|  773|          0|
    +---------------------------------------------------+----+-----+-----+-----------+



================================================================
== Interface
================================================================
* Summary: 
+---------------+-----+-----+--------------+-----------------+--------------+
|   RTL Ports   | Dir | Bits|   Protocol   |  Source Object  |    C Type    |
+---------------+-----+-----+--------------+-----------------+--------------+
|ap_clk         |  in |    1| ap_ctrl_none |  pulse_cir_avg  | return value |
|ap_rst_n       |  in |    1| ap_ctrl_none |  pulse_cir_avg  | return value |
|i_data_TDATA   |  in |   32|     axis     | i_data_V_data_V |    pointer   |
|i_data_TVALID  |  in |    1|     axis     | i_data_V_data_V |    pointer   |
|i_data_TREADY  | out |    1|     axis     | i_data_V_last_V |    pointer   |
|i_data_TLAST   |  in |    1|     axis     | i_data_V_last_V |    pointer   |
|o_data_TDATA   | out |   32|     axis     | o_data_V_data_V |    pointer   |
|o_data_TVALID  | out |    1|     axis     | o_data_V_last_V |    pointer   |
|o_data_TREADY  |  in |    1|     axis     | o_data_V_last_V |    pointer   |
|o_data_TLAST   | out |    1|     axis     | o_data_V_last_V |    pointer   |
|threshold_V    |  in |   32|    ap_none   |   threshold_V   |    scalar    |
|seq_len_V      |  in |   16|    ap_none   |    seq_len_V    |    scalar    |
|avg_size_V     |  in |   32|    ap_none   |    avg_size_V   |    scalar    |
+---------------+-----+-----+--------------+-----------------+--------------+

